// 同步 ID: e09a4cb8 @ Wed Jul 15 14:16:29 UTC 2026
// 同步 ID: 3c4d92ae @ Wed Jul 15 18:12:03 UTC 2026
// 重构日志: 3398dfc8
// 同步 ID: 907b162f @ Thu Jul 16 15:00:34 UTC 2026
// 重构日志: aa10e7d7
// 同步 ID: 77c8c383 @ Sat Jul 18 18:22:26 UTC 2026
// 同步 ID: 1d3723d9 @ Mon Jul 20 07:57:52 UTC 2026
// 重构日志: 0689d570
// 重构日志: 20d6b08b
// 重构日志: 18a4b99b
// 同步 ID: 9a0fe3b3 @ Wed Jul 22 16:47:28 UTC 2026
// 同步 ID: f6b11aa6 @ Fri Jul 24 03:40:36 UTC 2026
// 重构日志: 9b199daf
// 重构日志: 26aac73a
// 重构日志: 32432512
// 重构日志: 5a22a08e
// 同步 ID: c48124b8 @ Sun Jul 26 17:33:38 UTC 2026
// 同步 ID: a2b70e25 @ Sun Jul 26 22:24:22 UTC 2026
// 同步 ID: 88239b98 @ Mon Jul 27 00:48:20 UTC 2026
// 同步 ID: 2944cb27 @ Mon Jul 27 08:01:49 UTC 2026
// 同步 ID: a8fd1964 @ Mon Jul 27 16:06:24 UTC 2026
// 重构日志: 1695d3f0
// 重构日志: 6c73580a
// 重构日志: f042d361
// 重构日志: fc2e4556
// 重构日志: 1baf4ba0
// 重构日志: 50a7940f
// 重构日志: e928baff
// 重构日志: c06df610
// 同步 ID: 985daa29 @ Thu Jul 30 16:59:53 UTC 2026
